[www.thrillophilia.com/index.html]
[media1.thrillophilia.com/filestore/etn83pec9vn7wy465vhc3ajf3sy5_d0zswmgxj3tuajzcefgswyacu8xs_shutterstock_590724551ecd0.jpg]
[www.thrillophilia.com/images/republic_day_sale.gif]
[media1.thrillophilia.com/thrillo-logo.png]
[backblue.gif]
[fade.gif]
[index.html]
[media1.thrillophilia.com/filestore/thrillophilia03f8.png]
[media1.thrillophilia.com/filestore/thrillophilia3109.png]
[media1.thrillophilia.com/filestore/thrillophilia4abf.png]
[media1.thrillophilia.com/filestore/thrillophiliae3d0.png]
[media1.thrillophilia.com/filestore/thrillophilia2332.png]
[media1.thrillophilia.com/filestore/thrillophilia94ca.png]
[cdn.jsdelivr.net/npm/gumlet.js@2.2/dist/gumlet.min.js]
[media1.thrillophilia.com/index.html]
[fonts.googleapis.com/index.html]
[www.thrillophilia.com/_next/static/css/9fdd24b2e291d2c4.css]
[www.thrillophilia.com/_next/static/css/d0182d7abaaae0ad.css]
[www.thrillophilia.com/_next/static/css/29e4e317496fd135.css]
[www.thrillophilia.com/_next/static/css/99f34b0991ae14a7.css]
[www.thrillophilia.com/_next/static/chunks/polyfills-78c92fac7aa8fdd8.js]
[www.thrillophilia.com/_next/static/chunks/29.563bac6058537d4a.js]
[www.thrillophilia.com/_next/static/chunks/4725.66f17f83ab447336.js]
[www.thrillophilia.com/_next/static/chunks/2717.aec2470ee9f3beb7.js]
[www.thrillophilia.com/_next/static/chunks/3050.67e1eb15fd5f96d9.js]
[www.thrillophilia.com/_next/static/chunks/8936.3895eac5ed153d89.js]
[www.thrillophilia.com/_next/static/chunks/4228.f1ef52df6db55d1e.js]
[www.thrillophilia.com/_next/static/chunks/8791.f0f2bdb635731670.js]
[www.thrillophilia.com/_next/static/chunks/9969.591fa62adf019247.js]
[www.thrillophilia.com/_next/static/chunks/6306.dbd5e7e91b6a3acd.js]
[www.thrillophilia.com/_next/static/chunks/4776-9a558efab697f079.js]
[www.thrillophilia.com/_next/static/chunks/7655-374a8fc12c1e33f8.js]
[www.thrillophilia.com/_next/static/chunks/7014.f645046cc8fb5260.js]
[www.thrillophilia.com/_next/static/chunks/webpack-dfde0c9edf42e954.js]
[www.thrillophilia.com/_next/static/chunks/framework-a2363dd3c3dbe572.js]
[www.thrillophilia.com/_next/static/chunks/main-adac189449d536e3.js]
[www.thrillophilia.com/_next/static/chunks/pages/_app-55c21c30ed9ea2bd.js]
[www.thrillophilia.com/_next/static/chunks/8940-7cd15b0d9263a26b.js]
[www.thrillophilia.com/_next/static/chunks/9755-286137fa50a99c84.js]
[www.thrillophilia.com/_next/static/chunks/8299-ecc2fd02122936b6.js]
[www.thrillophilia.com/_next/static/chunks/7037-6165a65a18b4bb58.js]
[www.thrillophilia.com/_next/static/chunks/149-acceb3aa3ecb4745.js]
[www.thrillophilia.com/_next/static/chunks/6995-f7e95419cdf3f510.js]
[www.thrillophilia.com/_next/static/chunks/5298-d4aa6dc3187df82c.js]
[www.thrillophilia.com/_next/static/chunks/pages/index-726126329f8c776a.js]
[www.thrillophilia.com/_next/static/JMdGc2xfRtXUe9iJw55n7/_buildManifest.js]
[www.thrillophilia.com/_next/static/JMdGc2xfRtXUe9iJw55n7/_ssgManifest.js]
[www.thrillophilia.com/index.html]
[fonts.googleapis.com/index.html]
[fonts.gstatic.com/index.html]
[www.gumlet.com/public/website/css/theme.bundle.css]
[www.gumlet.com/public/website/css/gumlet.css]
[assets.gumlet.io/assets/logo7b30.svg]
[media1.thrillophilia.com/index.html]
[fonts.googleapis.com/css2bb1b.css]
[www.thrillophilia.com/_next/static/chunks/polyfills-78c92fac7aa8fdd8.js]
[www.thrillophilia.com/_next/static/chunks/29.563bac6058537d4a.js]
[www.thrillophilia.com/_next/static/chunks/4725.66f17f83ab447336.js]
[www.thrillophilia.com/_next/static/chunks/2717.aec2470ee9f3beb7.js]
[www.thrillophilia.com/_next/static/chunks/3050.67e1eb15fd5f96d9.js]
[www.thrillophilia.com/_next/static/chunks/8936.3895eac5ed153d89.js]
[www.thrillophilia.com/_next/static/chunks/4228.f1ef52df6db55d1e.js]
[www.thrillophilia.com/_next/static/chunks/8791.f0f2bdb635731670.js]
[www.thrillophilia.com/_next/static/chunks/9969.591fa62adf019247.js]
[www.thrillophilia.com/_next/static/chunks/6306.dbd5e7e91b6a3acd.js]
[www.thrillophilia.com/_next/static/chunks/4776-9a558efab697f079.js]
[www.thrillophilia.com/_next/static/chunks/7655-374a8fc12c1e33f8.js]
[www.thrillophilia.com/_next/static/chunks/7014.f645046cc8fb5260.js]
[www.thrillophilia.com/_next/static/chunks/webpack-dfde0c9edf42e954.js]
[www.thrillophilia.com/_next/static/media/flag_sprite.c8510d0f.2e.delayed]
[www.thrillophilia.com/_next/static/css/9fdd24b2e291d2c4.css]
[www.thrillophilia.com/_next/static/chunks/main-adac189449d536e3.js]
[www.thrillophilia.com/_next/static/chunks/framework-a2363dd3c3dbe572.js]
[www.thrillophilia.com/_next/static/chunks/pages/_app-55c21c30ed9ea2bd.js]
[www.thrillophilia.com/_next/static/css/d0182d7abaaae0ad.css]
[www.thrillophilia.com/_next/static/chunks/8940-7cd15b0d9263a26b.js]
[www.thrillophilia.com/_next/static/css/29e4e317496fd135.css]
[www.thrillophilia.com/_next/static/chunks/9755-286137fa50a99c84.js]
[www.thrillophilia.com/_next/static/chunks/8299-ecc2fd02122936b6.js]
[www.thrillophilia.com/_next/static/css/99f34b0991ae14a7.css]
[www.gumlet.com/public/website/css/theme-sans-serif.bundle.css]
[www.gumlet.com/public/website/css/theme.bundle.css]
[www.gumlet.com/public/website/css/gumlet.css]
[assets.gumlet.io/assets/logo7b30.svg]
